{"level":"info","name":"mautrix-signal","version":"v26.07+dev.6e57bf39","built_at":"2026-07-23T13:46:40Z","go_version":"go1.26.5","time":"2026-08-13T15:22:52.572827044Z","message":"Initializing bridge"}
{"level":"debug","time":"2026-08-13T15:22:52.573879044Z","message":"Initializing database connection"}
{"level":"debug","time":"2026-08-13T15:22:52.576573419Z","message":"Bridge built with end-to-bridge encryption, but disabled in config"}
{"level":"info","time":"2026-08-13T15:22:52.576918835Z","message":"Starting bridge"}
{"level":"info","db_section":"main","current_version":29,"oldest_compatible_version":9,"latest_known_version":29,"time":"2026-08-13T15:22:52.606139419Z","message":"Database is up to date"}
{"level":"info","time":"2026-08-13T15:22:52.609328669Z","message":"Starting Matrix connector"}
{"level":"info","db_section":"matrix_state","current_version":11,"oldest_compatible_version":3,"latest_known_version":11,"time":"2026-08-13T15:22:52.616375794Z","message":"Database is up to date"}
{"level":"debug","time":"2026-08-13T15:22:52.616619335Z","message":"Starting appservice HTTP server"}
{"level":"debug","time":"2026-08-13T15:22:52.616985127Z","message":"Checking connection to homeserver"}
{"level":"info","address":"0.0.0.0:29328","time":"2026-08-13T15:22:52.617153127Z","message":"Starting HTTP listener"}
{"level":"warn","req_id":1,"error":"Get \"http://synapse:8008/_matrix/client/versions?user_id=%40signalbot%3Amatrix.local\": dial tcp 192.168.97.4:8008: connect: connection refused","method":"GET","url":"http://synapse:8008/_matrix/client/versions?user_id=%40signalbot%3Amatrix.local","retry_in_seconds":4,"time":"2026-08-13T15:22:52.641702377Z","message":"Request failed, retrying"}
{"level":"warn","req_id":1,"error":"Get \"http://synapse:8008/_matrix/client/versions?user_id=%40signalbot%3Amatrix.local\": dial tcp 192.168.97.4:8008: connect: connection refused","method":"GET","url":"http://synapse:8008/_matrix/client/versions?user_id=%40signalbot%3Amatrix.local","retry_in_seconds":8,"time":"2026-08-13T15:22:56.648843587Z","message":"Request failed, retrying"}
{"level":"debug","req_id":1,"method":"GET","url":"http://synapse:8008/_matrix/client/versions?user_id=%40signalbot%3Amatrix.local","duration":298.990708,"status_code":200,"response_length":1401,"response_mime":"application/json","time":"2026-08-13T15:23:04.962163049Z","message":"Request completed"}
{"level":"debug","req_id":2,"method":"GET","url":"http://synapse:8008/_matrix/client/v3/account/whoami?user_id=%40signalbot%3Amatrix.local","duration":2.232875,"status_code":200,"response_length":54,"response_mime":"application/json","time":"2026-08-13T15:23:04.971538216Z","message":"Request completed"}
{"level":"debug","txn_id":"mautrix-go_1786634584971674549_1","time":"2026-08-13T15:23:05.050564383Z","message":"Received ping from homeserver"}
{"level":"debug","req_id":3,"method":"POST","url":"http://synapse:8008/_matrix/client/v1/appservice/signal/ping?user_id=%40signalbot%3Amatrix.local","duration":81.166959,"status_code":200,"response_length":18,"response_mime":"application/json","req_body":{"transaction_id":"mautrix-go_1786634584971674549_1"},"time":"2026-08-13T15:23:05.053018508Z","message":"Request completed"}
{"level":"debug","txn_id":"mautrix-go_1786634584971674549_1","duration_ms":78,"time":"2026-08-13T15:23:05.053154258Z","message":"Homeserver -> appservice connection works"}
{"level":"info","time":"2026-08-13T15:23:05.053570758Z","message":"Starting network connector"}
{"level":"info","db_section":"signalmeow","current_version":27,"oldest_compatible_version":13,"latest_known_version":27,"time":"2026-08-13T15:23:05.054989466Z","message":"Database is up to date"}
{"level":"info","time":"2026-08-13T15:23:05.055965466Z","message":"No user logins found"}
{"level":"debug","time":"2026-08-13T15:23:05.056559091Z","message":"Updating bot profile"}
{"level":"debug","component":"disappear loop","time":"2026-08-13T15:23:05.056753925Z","message":"Disappearing message loop starting"}
{"level":"debug","bridge_state":{"state_event":"UNCONFIGURED","timestamp":1786634585,"ttl":21600,"source":"bridge"},"time":"2026-08-13T15:23:05.056899758Z","message":"Sent new global bridge state"}
{"level":"info","time":"2026-08-13T15:23:05.057024091Z","message":"Bridge started"}
{"level":"debug","req_id":4,"method":"GET","url":"http://synapse:8008/_matrix/client/v1/media/config?user_id=%40signalbot%3Amatrix.local","duration":3.46775,"status_code":200,"response_length":27,"response_mime":"application/json","time":"2026-08-13T15:23:05.059988883Z","message":"Request completed"}
{"level":"debug","req_id":5,"method":"GET","url":"http://synapse:8008/_matrix/client/v3/profile/@signalbot:matrix.local/avatar_url?user_id=%40signalbot%3Amatrix.local","duration":15.7465,"status_code":200,"response_length":59,"response_mime":"application/json","time":"2026-08-13T15:23:05.0727323Z","message":"Request completed"}
{"level":"debug","req_id":6,"method":"GET","url":"http://synapse:8008/_matrix/client/v3/profile/@signalbot:matrix.local/displayname?user_id=%40signalbot%3Amatrix.local","duration":2.210667,"status_code":200,"response_length":35,"response_mime":"application/json","time":"2026-08-13T15:23:05.075312591Z","message":"Request completed"}
{"level":"info","time":"2026-08-13T18:51:19.284342896Z","message":"Interrupt signal received from OS"}
{"level":"info","time":"2026-08-13T18:51:19.737915972Z","message":"Shutting down bridge"}
{"level":"debug","component":"disappear loop","time":"2026-08-13T18:51:19.746617009Z","message":"Disappearing message loop stopping"}
{"level":"debug","time":"2026-08-13T18:51:20.651957438Z","message":"HTTP listener stopped"}
{"level":"info","time":"2026-08-13T18:51:20.714530048Z","message":"Shutdown complete"}
