{"level":"info","name":"mautrix-signal","version":"v26.07+dev.6e57bf39","built_at":"2026-07-23T13:46:40Z","go_version":"go1.26.5","time":"2026-08-10T09:16:31.882221711Z","message":"Initializing bridge"}
{"level":"debug","time":"2026-08-10T09:16:31.883099086Z","message":"Initializing database connection"}
{"level":"debug","time":"2026-08-10T09:16:31.883405628Z","message":"Bridge built with end-to-bridge encryption, but disabled in config"}
{"level":"info","time":"2026-08-10T09:16:31.883537836Z","message":"Starting bridge"}
{"level":"info","db_section":"main","current_version":29,"oldest_compatible_version":9,"latest_known_version":29,"time":"2026-08-10T09:16:31.893994086Z","message":"Database is up to date"}
{"level":"info","time":"2026-08-10T09:16:31.89461867Z","message":"Starting Matrix connector"}
{"level":"info","db_section":"matrix_state","current_version":11,"oldest_compatible_version":3,"latest_known_version":11,"time":"2026-08-10T09:16:31.895355295Z","message":"Database is up to date"}
{"level":"debug","time":"2026-08-10T09:16:31.895406753Z","message":"Starting appservice HTTP server"}
{"level":"debug","time":"2026-08-10T09:16:31.895430086Z","message":"Checking connection to homeserver"}
{"level":"info","address":"0.0.0.0:29328","time":"2026-08-10T09:16:31.896552753Z","message":"Starting HTTP listener"}
{"level":"warn","req_id":1,"error":"Get \"http://synapse:8008/_matrix/client/versions?user_id=%40signalbot%3Amatrix.local\": dial tcp 192.168.97.4:8008: connect: connection refused","method":"GET","url":"http://synapse:8008/_matrix/client/versions?user_id=%40signalbot%3Amatrix.local","retry_in_seconds":4,"time":"2026-08-10T09:16:31.89797417Z","message":"Request failed, retrying"}
{"level":"debug","req_id":1,"method":"GET","url":"http://synapse:8008/_matrix/client/versions?user_id=%40signalbot%3Amatrix.local","duration":5.655416,"status_code":200,"response_length":1401,"response_mime":"application/json","time":"2026-08-10T09:16:35.909496797Z","message":"Request completed"}
{"level":"debug","req_id":2,"method":"GET","url":"http://synapse:8008/_matrix/client/v3/account/whoami?user_id=%40signalbot%3Amatrix.local","duration":0.874083,"status_code":200,"response_length":54,"response_mime":"application/json","time":"2026-08-10T09:16:35.91095713Z","message":"Request completed"}
{"level":"debug","txn_id":"mautrix-go_1786353395911019088_1","time":"2026-08-10T09:16:35.954611505Z","message":"Received ping from homeserver"}
{"level":"debug","req_id":3,"method":"POST","url":"http://synapse:8008/_matrix/client/v1/appservice/signal/ping?user_id=%40signalbot%3Amatrix.local","duration":44.7245,"status_code":200,"response_length":18,"response_mime":"application/json","req_body":{"transaction_id":"mautrix-go_1786353395911019088_1"},"time":"2026-08-10T09:16:35.955803505Z","message":"Request completed"}
{"level":"debug","txn_id":"mautrix-go_1786353395911019088_1","duration_ms":43,"time":"2026-08-10T09:16:35.955861255Z","message":"Homeserver -> appservice connection works"}
{"level":"info","time":"2026-08-10T09:16:35.955891297Z","message":"Starting network connector"}
{"level":"info","db_section":"signalmeow","current_version":27,"oldest_compatible_version":13,"latest_known_version":27,"time":"2026-08-10T09:16:35.95710363Z","message":"Database is up to date"}
{"level":"info","time":"2026-08-10T09:16:35.957251213Z","message":"No user logins found"}
{"level":"debug","bridge_state":{"state_event":"UNCONFIGURED","timestamp":1786353395,"ttl":21600,"source":"bridge"},"time":"2026-08-10T09:16:35.957328755Z","message":"Sent new global bridge state"}
{"level":"info","time":"2026-08-10T09:16:35.95735763Z","message":"Bridge started"}
{"level":"debug","time":"2026-08-10T09:16:35.957587505Z","message":"Updating bot profile"}
{"level":"debug","component":"disappear loop","time":"2026-08-10T09:16:35.95771488Z","message":"Disappearing message loop starting"}
{"level":"debug","req_id":4,"method":"GET","url":"http://synapse:8008/_matrix/client/v1/media/config?user_id=%40signalbot%3Amatrix.local","duration":1.671833,"status_code":200,"response_length":27,"response_mime":"application/json","time":"2026-08-10T09:16:35.959305713Z","message":"Request completed"}
{"level":"debug","req_id":5,"method":"GET","url":"http://synapse:8008/_matrix/client/v3/profile/@signalbot:matrix.local/avatar_url?user_id=%40signalbot%3Amatrix.local","duration":2.829541,"status_code":200,"response_length":59,"response_mime":"application/json","time":"2026-08-10T09:16:35.960505338Z","message":"Request completed"}
{"level":"debug","req_id":6,"method":"GET","url":"http://synapse:8008/_matrix/client/v3/profile/@signalbot:matrix.local/displayname?user_id=%40signalbot%3Amatrix.local","duration":1.067708,"status_code":200,"response_length":35,"response_mime":"application/json","time":"2026-08-10T09:16:35.961645713Z","message":"Request completed"}
{"level":"info","time":"2026-08-10T10:24:34.416209194Z","message":"Interrupt signal received from OS"}
{"level":"info","time":"2026-08-10T10:24:34.457772342Z","message":"Shutting down bridge"}
{"level":"debug","component":"disappear loop","time":"2026-08-10T10:24:34.465504548Z","message":"Disappearing message loop stopping"}
{"level":"debug","time":"2026-08-10T10:24:34.471704156Z","message":"HTTP listener stopped"}
{"level":"info","time":"2026-08-10T10:24:34.524152252Z","message":"Shutdown complete"}
