{"level":"info","name":"mautrix-signal","version":"v26.07+dev.6e57bf39","built_at":"2026-07-23T13:46:40Z","go_version":"go1.26.5","time":"2026-08-11T11:55:06.390434336Z","message":"Initializing bridge"}
{"level":"debug","time":"2026-08-11T11:55:06.390545628Z","message":"Initializing database connection"}
{"level":"debug","time":"2026-08-11T11:55:06.390797794Z","message":"Bridge built with end-to-bridge encryption, but disabled in config"}
{"level":"info","time":"2026-08-11T11:55:06.390834711Z","message":"Starting bridge"}
{"level":"info","db_section":"main","current_version":29,"oldest_compatible_version":9,"latest_known_version":29,"time":"2026-08-11T11:55:06.399447586Z","message":"Database is up to date"}
{"level":"info","time":"2026-08-11T11:55:06.399605086Z","message":"Starting Matrix connector"}
{"level":"info","db_section":"matrix_state","current_version":11,"oldest_compatible_version":3,"latest_known_version":11,"time":"2026-08-11T11:55:06.400218669Z","message":"Database is up to date"}
{"level":"debug","time":"2026-08-11T11:55:06.400262378Z","message":"Starting appservice HTTP server"}
{"level":"debug","time":"2026-08-11T11:55:06.400293919Z","message":"Checking connection to homeserver"}
{"level":"info","address":"0.0.0.0:29328","time":"2026-08-11T11:55:06.400338419Z","message":"Starting HTTP listener"}
{"level":"warn","req_id":1,"error":"Get \"http://synapse:8008/_matrix/client/versions?user_id=%40signalbot%3Amatrix.local\": dial tcp 192.168.97.6:8008: connect: connection refused","method":"GET","url":"http://synapse:8008/_matrix/client/versions?user_id=%40signalbot%3Amatrix.local","retry_in_seconds":4,"time":"2026-08-11T11:55:06.403659253Z","message":"Request failed, retrying"}
{"level":"debug","req_id":1,"method":"GET","url":"http://synapse:8008/_matrix/client/versions?user_id=%40signalbot%3Amatrix.local","duration":16.179083,"status_code":200,"response_length":1401,"response_mime":"application/json","time":"2026-08-11T11:55:10.428902463Z","message":"Request completed"}
{"level":"debug","req_id":2,"method":"GET","url":"http://synapse:8008/_matrix/client/v3/account/whoami?user_id=%40signalbot%3Amatrix.local","duration":1.11,"status_code":200,"response_length":54,"response_mime":"application/json","time":"2026-08-11T11:55:10.430940004Z","message":"Request completed"}
{"level":"debug","txn_id":"mautrix-go_1786449310431029629_1","time":"2026-08-11T11:55:10.472570004Z","message":"Received ping from homeserver"}
{"level":"debug","req_id":3,"method":"POST","url":"http://synapse:8008/_matrix/client/v1/appservice/signal/ping?user_id=%40signalbot%3Amatrix.local","duration":42.889583,"status_code":200,"response_length":18,"response_mime":"application/json","req_body":{"transaction_id":"mautrix-go_1786449310431029629_1"},"time":"2026-08-11T11:55:10.474001254Z","message":"Request completed"}
{"level":"debug","txn_id":"mautrix-go_1786449310431029629_1","duration_ms":41,"time":"2026-08-11T11:55:10.474091921Z","message":"Homeserver -> appservice connection works"}
{"level":"info","time":"2026-08-11T11:55:10.474145129Z","message":"Starting network connector"}
{"level":"info","db_section":"signalmeow","current_version":27,"oldest_compatible_version":13,"latest_known_version":27,"time":"2026-08-11T11:55:10.474515338Z","message":"Database is up to date"}
{"level":"info","time":"2026-08-11T11:55:10.474844671Z","message":"No user logins found"}
{"level":"debug","bridge_state":{"state_event":"UNCONFIGURED","timestamp":1786449310,"ttl":21600,"source":"bridge"},"time":"2026-08-11T11:55:10.474939421Z","message":"Sent new global bridge state"}
{"level":"info","time":"2026-08-11T11:55:10.474967421Z","message":"Bridge started"}
{"level":"debug","time":"2026-08-11T11:55:10.475370213Z","message":"Updating bot profile"}
{"level":"debug","component":"disappear loop","time":"2026-08-11T11:55:10.475680129Z","message":"Disappearing message loop starting"}
{"level":"debug","req_id":4,"method":"GET","url":"http://synapse:8008/_matrix/client/v1/media/config?user_id=%40signalbot%3Amatrix.local","duration":1.41875,"status_code":200,"response_length":27,"response_mime":"application/json","time":"2026-08-11T11:55:10.476740254Z","message":"Request completed"}
{"level":"debug","req_id":5,"method":"GET","url":"http://synapse:8008/_matrix/client/v3/profile/@signalbot:matrix.local/avatar_url?user_id=%40signalbot%3Amatrix.local","duration":3.364917,"status_code":200,"response_length":59,"response_mime":"application/json","time":"2026-08-11T11:55:10.478902588Z","message":"Request completed"}
{"level":"debug","req_id":6,"method":"GET","url":"http://synapse:8008/_matrix/client/v3/profile/@signalbot:matrix.local/displayname?user_id=%40signalbot%3Amatrix.local","duration":1.576125,"status_code":200,"response_length":35,"response_mime":"application/json","time":"2026-08-11T11:55:10.480551879Z","message":"Request completed"}
