{"level":"info","name":"mautrix-signal","version":"v26.07+dev.6e57bf39","built_at":"2026-07-23T13:46:40Z","go_version":"go1.26.5","time":"2026-08-10T10:25:36.022253878Z","message":"Initializing bridge"}
{"level":"debug","time":"2026-08-10T10:25:36.022458503Z","message":"Initializing database connection"}
{"level":"debug","time":"2026-08-10T10:25:36.022751503Z","message":"Bridge built with end-to-bridge encryption, but disabled in config"}
{"level":"info","time":"2026-08-10T10:25:36.022831087Z","message":"Starting bridge"}
{"level":"info","db_section":"main","current_version":29,"oldest_compatible_version":9,"latest_known_version":29,"time":"2026-08-10T10:25:36.037940003Z","message":"Database is up to date"}
{"level":"info","time":"2026-08-10T10:25:36.038551212Z","message":"Starting Matrix connector"}
{"level":"info","db_section":"matrix_state","current_version":11,"oldest_compatible_version":3,"latest_known_version":11,"time":"2026-08-10T10:25:36.039318212Z","message":"Database is up to date"}
{"level":"debug","time":"2026-08-10T10:25:36.039378045Z","message":"Starting appservice HTTP server"}
{"level":"debug","time":"2026-08-10T10:25:36.039406295Z","message":"Checking connection to homeserver"}
{"level":"info","address":"0.0.0.0:29328","time":"2026-08-10T10:25:36.039504003Z","message":"Starting HTTP listener"}
{"level":"warn","req_id":1,"error":"Get \"http://synapse:8008/_matrix/client/versions?user_id=%40signalbot%3Amatrix.local\": dial tcp 192.168.97.4:8008: connect: connection refused","method":"GET","url":"http://synapse:8008/_matrix/client/versions?user_id=%40signalbot%3Amatrix.local","retry_in_seconds":4,"time":"2026-08-10T10:25:36.042813503Z","message":"Request failed, retrying"}
{"level":"warn","req_id":1,"error":"Get \"http://synapse:8008/_matrix/client/versions?user_id=%40signalbot%3Amatrix.local\": dial tcp 192.168.97.4:8008: connect: connection refused","method":"GET","url":"http://synapse:8008/_matrix/client/versions?user_id=%40signalbot%3Amatrix.local","retry_in_seconds":8,"time":"2026-08-10T10:25:40.053946714Z","message":"Request failed, retrying"}
{"level":"debug","req_id":1,"method":"GET","url":"http://synapse:8008/_matrix/client/versions?user_id=%40signalbot%3Amatrix.local","duration":56.650209,"status_code":200,"response_length":1401,"response_mime":"application/json","time":"2026-08-10T10:25:48.139609467Z","message":"Request completed"}
{"level":"debug","req_id":2,"method":"GET","url":"http://synapse:8008/_matrix/client/v3/account/whoami?user_id=%40signalbot%3Amatrix.local","duration":2.247667,"status_code":200,"response_length":54,"response_mime":"application/json","time":"2026-08-10T10:25:48.144136342Z","message":"Request completed"}
{"level":"debug","txn_id":"mautrix-go_1786357548144264217_1","time":"2026-08-10T10:25:48.197841134Z","message":"Received ping from homeserver"}
{"level":"debug","req_id":3,"method":"POST","url":"http://synapse:8008/_matrix/client/v1/appservice/signal/ping?user_id=%40signalbot%3Amatrix.local","duration":55.515875,"status_code":200,"response_length":18,"response_mime":"application/json","req_body":{"transaction_id":"mautrix-go_1786357548144264217_1"},"time":"2026-08-10T10:25:48.199870634Z","message":"Request completed"}
{"level":"debug","txn_id":"mautrix-go_1786357548144264217_1","duration_ms":53,"time":"2026-08-10T10:25:48.199959384Z","message":"Homeserver -> appservice connection works"}
{"level":"info","time":"2026-08-10T10:25:48.200067967Z","message":"Starting network connector"}
{"level":"debug","time":"2026-08-10T10:25:48.200390967Z","message":"Updating bot profile"}
{"level":"info","db_section":"signalmeow","current_version":27,"oldest_compatible_version":13,"latest_known_version":27,"time":"2026-08-10T10:25:48.200813634Z","message":"Database is up to date"}
{"level":"debug","component":"disappear loop","time":"2026-08-10T10:25:48.200980967Z","message":"Disappearing message loop starting"}
{"level":"info","time":"2026-08-10T10:25:48.201184592Z","message":"No user logins found"}
{"level":"debug","bridge_state":{"state_event":"UNCONFIGURED","timestamp":1786357548,"ttl":21600,"source":"bridge"},"time":"2026-08-10T10:25:48.201346592Z","message":"Sent new global bridge state"}
{"level":"info","time":"2026-08-10T10:25:48.201508259Z","message":"Bridge started"}
{"level":"debug","req_id":4,"method":"GET","url":"http://synapse:8008/_matrix/client/v1/media/config?user_id=%40signalbot%3Amatrix.local","duration":3.046666,"status_code":200,"response_length":27,"response_mime":"application/json","time":"2026-08-10T10:25:48.203255092Z","message":"Request completed"}
{"level":"debug","req_id":5,"method":"GET","url":"http://synapse:8008/_matrix/client/v3/profile/@signalbot:matrix.local/avatar_url?user_id=%40signalbot%3Amatrix.local","duration":5.706,"status_code":200,"response_length":59,"response_mime":"application/json","time":"2026-08-10T10:25:48.206267051Z","message":"Request completed"}
{"level":"debug","req_id":6,"method":"GET","url":"http://synapse:8008/_matrix/client/v3/profile/@signalbot:matrix.local/displayname?user_id=%40signalbot%3Amatrix.local","duration":1.848792,"status_code":200,"response_length":35,"response_mime":"application/json","time":"2026-08-10T10:25:48.208193509Z","message":"Request completed"}
{"level":"info","time":"2026-08-10T11:53:04.538359413Z","message":"Interrupt signal received from OS"}
{"level":"info","time":"2026-08-10T11:53:04.549873995Z","message":"Shutting down bridge"}
{"level":"debug","time":"2026-08-10T11:53:04.582616528Z","message":"HTTP listener stopped"}
{"level":"debug","component":"disappear loop","time":"2026-08-10T11:53:04.581193242Z","message":"Disappearing message loop stopping"}
{"level":"info","time":"2026-08-10T11:53:04.62973734Z","message":"Shutdown complete"}
