{"level":"info","name":"mautrix-signal","version":"v26.07+dev.6e57bf39","built_at":"2026-07-23T13:46:40Z","go_version":"go1.26.5","time":"2026-08-10T12:41:43.250816252Z","message":"Initializing bridge"}
{"level":"debug","time":"2026-08-10T12:41:43.25142871Z","message":"Initializing database connection"}
{"level":"debug","time":"2026-08-10T12:41:43.25248371Z","message":"Bridge built with end-to-bridge encryption, but disabled in config"}
{"level":"info","time":"2026-08-10T12:41:43.253421669Z","message":"Starting bridge"}
{"level":"info","db_section":"main","current_version":29,"oldest_compatible_version":9,"latest_known_version":29,"time":"2026-08-10T12:41:43.263005544Z","message":"Database is up to date"}
{"level":"info","time":"2026-08-10T12:41:43.263459585Z","message":"Starting Matrix connector"}
{"level":"info","db_section":"matrix_state","current_version":11,"oldest_compatible_version":3,"latest_known_version":11,"time":"2026-08-10T12:41:43.263899127Z","message":"Database is up to date"}
{"level":"debug","time":"2026-08-10T12:41:43.263948502Z","message":"Starting appservice HTTP server"}
{"level":"debug","time":"2026-08-10T12:41:43.263996002Z","message":"Checking connection to homeserver"}
{"level":"info","address":"0.0.0.0:29328","time":"2026-08-10T12:41:43.26409571Z","message":"Starting HTTP listener"}
{"level":"warn","req_id":1,"error":"Get \"http://synapse:8008/_matrix/client/versions?user_id=%40signalbot%3Amatrix.local\": dial tcp 192.168.97.6:8008: connect: connection refused","method":"GET","url":"http://synapse:8008/_matrix/client/versions?user_id=%40signalbot%3Amatrix.local","retry_in_seconds":4,"time":"2026-08-10T12:41:43.266771335Z","message":"Request failed, retrying"}
{"level":"debug","req_id":1,"method":"GET","url":"http://synapse:8008/_matrix/client/versions?user_id=%40signalbot%3Amatrix.local","duration":14.728166,"status_code":200,"response_length":1401,"response_mime":"application/json","time":"2026-08-10T12:41:47.286500546Z","message":"Request completed"}
{"level":"debug","req_id":2,"method":"GET","url":"http://synapse:8008/_matrix/client/v3/account/whoami?user_id=%40signalbot%3Amatrix.local","duration":2.624333,"status_code":200,"response_length":54,"response_mime":"application/json","time":"2026-08-10T12:41:47.290163796Z","message":"Request completed"}
{"level":"debug","txn_id":"mautrix-go_1786365707290336837_1","time":"2026-08-10T12:41:47.348033921Z","message":"Received ping from homeserver"}
{"level":"debug","req_id":3,"method":"POST","url":"http://synapse:8008/_matrix/client/v1/appservice/signal/ping?user_id=%40signalbot%3Amatrix.local","duration":58.993292,"status_code":200,"response_length":18,"response_mime":"application/json","req_body":{"transaction_id":"mautrix-go_1786365707290336837_1"},"time":"2026-08-10T12:41:47.349449546Z","message":"Request completed"}
{"level":"debug","txn_id":"mautrix-go_1786365707290336837_1","duration_ms":56,"time":"2026-08-10T12:41:47.349527087Z","message":"Homeserver -> appservice connection works"}
{"level":"info","time":"2026-08-10T12:41:47.349572129Z","message":"Starting network connector"}
{"level":"info","db_section":"signalmeow","current_version":27,"oldest_compatible_version":13,"latest_known_version":27,"time":"2026-08-10T12:41:47.350015629Z","message":"Database is up to date"}
{"level":"info","time":"2026-08-10T12:41:47.350311046Z","message":"No user logins found"}
{"level":"debug","bridge_state":{"state_event":"UNCONFIGURED","timestamp":1786365707,"ttl":21600,"source":"bridge"},"time":"2026-08-10T12:41:47.350461296Z","message":"Sent new global bridge state"}
{"level":"info","time":"2026-08-10T12:41:47.350499796Z","message":"Bridge started"}
{"level":"debug","time":"2026-08-10T12:41:47.350599921Z","message":"Updating bot profile"}
{"level":"debug","component":"disappear loop","time":"2026-08-10T12:41:47.350801254Z","message":"Disappearing message loop starting"}
{"level":"debug","req_id":4,"method":"GET","url":"http://synapse:8008/_matrix/client/v1/media/config?user_id=%40signalbot%3Amatrix.local","duration":1.3175,"status_code":200,"response_length":27,"response_mime":"application/json","time":"2026-08-10T12:41:47.351720671Z","message":"Request completed"}
{"level":"debug","req_id":5,"method":"GET","url":"http://synapse:8008/_matrix/client/v3/profile/@signalbot:matrix.local/avatar_url?user_id=%40signalbot%3Amatrix.local","duration":3.200583,"status_code":200,"response_length":59,"response_mime":"application/json","time":"2026-08-10T12:41:47.354284337Z","message":"Request completed"}
{"level":"debug","req_id":6,"method":"GET","url":"http://synapse:8008/_matrix/client/v3/profile/@signalbot:matrix.local/displayname?user_id=%40signalbot%3Amatrix.local","duration":1.826667,"status_code":200,"response_length":35,"response_mime":"application/json","time":"2026-08-10T12:41:47.356300004Z","message":"Request completed"}
{"level":"info","time":"2026-08-11T02:30:21.558802537Z","message":"Interrupt signal received from OS"}
{"level":"info","time":"2026-08-11T02:30:21.655954468Z","message":"Shutting down bridge"}
{"level":"debug","component":"disappear loop","time":"2026-08-11T02:30:21.661012448Z","message":"Disappearing message loop stopping"}
{"level":"debug","time":"2026-08-11T02:30:21.664083362Z","message":"HTTP listener stopped"}
{"level":"info","time":"2026-08-11T02:30:22.162539967Z","message":"Shutdown complete"}
