{"level":"info","name":"mautrix-signal","version":"v26.07+dev.6e57bf39","built_at":"2026-07-23T13:46:40Z","go_version":"go1.26.5","time":"2026-08-10T03:25:28.997513969Z","message":"Initializing bridge"}
{"level":"debug","time":"2026-08-10T03:25:28.998511386Z","message":"Initializing database connection"}
{"level":"debug","time":"2026-08-10T03:25:28.999508553Z","message":"Bridge built with end-to-bridge encryption, but disabled in config"}
{"level":"info","time":"2026-08-10T03:25:29.002976053Z","message":"Starting bridge"}
{"level":"info","db_section":"main","current_version":29,"oldest_compatible_version":9,"latest_known_version":29,"time":"2026-08-10T03:25:29.013381178Z","message":"Database is up to date"}
{"level":"info","time":"2026-08-10T03:25:29.014872594Z","message":"Starting Matrix connector"}
{"level":"info","db_section":"matrix_state","current_version":11,"oldest_compatible_version":3,"latest_known_version":11,"time":"2026-08-10T03:25:29.018990678Z","message":"Database is up to date"}
{"level":"debug","time":"2026-08-10T03:25:29.019720428Z","message":"Starting appservice HTTP server"}
{"level":"debug","time":"2026-08-10T03:25:29.019820594Z","message":"Checking connection to homeserver"}
{"level":"info","address":"0.0.0.0:29328","time":"2026-08-10T03:25:29.022040803Z","message":"Starting HTTP listener"}
{"level":"warn","req_id":1,"error":"Get \"http://synapse:8008/_matrix/client/versions?user_id=%40signalbot%3Amatrix.local\": dial tcp 192.168.97.4:8008: connect: connection refused","method":"GET","url":"http://synapse:8008/_matrix/client/versions?user_id=%40signalbot%3Amatrix.local","retry_in_seconds":4,"time":"2026-08-10T03:25:29.024237803Z","message":"Request failed, retrying"}
{"level":"warn","req_id":1,"error":"Get \"http://synapse:8008/_matrix/client/versions?user_id=%40signalbot%3Amatrix.local\": dial tcp 192.168.97.4:8008: connect: connection refused","method":"GET","url":"http://synapse:8008/_matrix/client/versions?user_id=%40signalbot%3Amatrix.local","retry_in_seconds":8,"time":"2026-08-10T03:25:36.113400181Z","message":"Request failed, retrying"}
{"level":"debug","req_id":1,"method":"GET","url":"http://synapse:8008/_matrix/client/versions?user_id=%40signalbot%3Amatrix.local","duration":99.31225,"status_code":200,"response_length":1401,"response_mime":"application/json","time":"2026-08-10T03:25:44.873232185Z","message":"Request completed"}
{"level":"debug","req_id":2,"method":"GET","url":"http://synapse:8008/_matrix/client/v3/account/whoami?user_id=%40signalbot%3Amatrix.local","duration":6.177667,"status_code":200,"response_length":54,"response_mime":"application/json","time":"2026-08-10T03:25:44.882436518Z","message":"Request completed"}
{"level":"debug","txn_id":"mautrix-go_1786332344882678643_1","time":"2026-08-10T03:25:44.992102227Z","message":"Received ping from homeserver"}
{"level":"debug","req_id":3,"method":"POST","url":"http://synapse:8008/_matrix/client/v1/appservice/signal/ping?user_id=%40signalbot%3Amatrix.local","duration":117.207833,"status_code":200,"response_length":19,"response_mime":"application/json","req_body":{"transaction_id":"mautrix-go_1786332344882678643_1"},"time":"2026-08-10T03:25:45.000122477Z","message":"Request completed"}
{"level":"debug","txn_id":"mautrix-go_1786332344882678643_1","duration_ms":108,"time":"2026-08-10T03:25:45.001362352Z","message":"Homeserver -> appservice connection works"}
{"level":"info","time":"2026-08-10T03:25:45.00403881Z","message":"Starting network connector"}
{"level":"debug","time":"2026-08-10T03:25:45.004982727Z","message":"Updating bot profile"}
{"level":"info","db_section":"signalmeow","current_version":27,"oldest_compatible_version":13,"latest_known_version":27,"time":"2026-08-10T03:25:45.00904056Z","message":"Database is up to date"}
{"level":"debug","req_id":4,"method":"GET","url":"http://synapse:8008/_matrix/client/v1/media/config?user_id=%40signalbot%3Amatrix.local","duration":4.264167,"status_code":200,"response_length":27,"response_mime":"application/json","time":"2026-08-10T03:25:45.009780227Z","message":"Request completed"}
{"level":"debug","component":"disappear loop","time":"2026-08-10T03:25:45.009846602Z","message":"Disappearing message loop starting"}
{"level":"info","time":"2026-08-10T03:25:45.010009019Z","message":"No user logins found"}
{"level":"debug","bridge_state":{"state_event":"UNCONFIGURED","timestamp":1786332345,"ttl":21600,"source":"bridge"},"time":"2026-08-10T03:25:45.013830352Z","message":"Sent new global bridge state"}
{"level":"info","time":"2026-08-10T03:25:45.014022685Z","message":"Bridge started"}
{"level":"debug","req_id":5,"method":"GET","url":"http://synapse:8008/_matrix/client/v3/profile/@signalbot:matrix.local/avatar_url?user_id=%40signalbot%3Amatrix.local","duration":70.918709,"status_code":200,"response_length":59,"response_mime":"application/json","time":"2026-08-10T03:25:45.076702769Z","message":"Request completed"}
{"level":"debug","req_id":6,"method":"GET","url":"http://synapse:8008/_matrix/client/v3/profile/@signalbot:matrix.local/displayname?user_id=%40signalbot%3Amatrix.local","duration":38.593167,"status_code":200,"response_length":35,"response_mime":"application/json","time":"2026-08-10T03:25:45.11563731Z","message":"Request completed"}
{"level":"info","time":"2026-08-10T03:37:58.922555973Z","message":"Interrupt signal received from OS"}
{"level":"info","time":"2026-08-10T03:37:59.057552937Z","message":"Shutting down bridge"}
{"level":"debug","component":"disappear loop","time":"2026-08-10T03:37:59.06214727Z","message":"Disappearing message loop stopping"}
{"level":"debug","time":"2026-08-10T03:37:59.065330465Z","message":"HTTP listener stopped"}
{"level":"info","time":"2026-08-10T03:37:59.086763532Z","message":"Shutdown complete"}
