{"level":"info","name":"mautrix-signal","version":"v26.07+dev.6e57bf39","built_at":"2026-07-23T13:46:40Z","go_version":"go1.26.5","time":"2026-08-13T06:45:45.673453121Z","message":"Initializing bridge"}
{"level":"debug","time":"2026-08-13T06:45:45.674825288Z","message":"Initializing database connection"}
{"level":"debug","time":"2026-08-13T06:45:45.725873205Z","message":"Bridge built with end-to-bridge encryption, but disabled in config"}
{"level":"info","time":"2026-08-13T06:45:45.731248788Z","message":"Starting bridge"}
{"level":"info","db_section":"main","current_version":29,"oldest_compatible_version":9,"latest_known_version":29,"time":"2026-08-13T06:45:45.839444663Z","message":"Database is up to date"}
{"level":"info","time":"2026-08-13T06:45:45.840913663Z","message":"Starting Matrix connector"}
{"level":"info","db_section":"matrix_state","current_version":11,"oldest_compatible_version":3,"latest_known_version":11,"time":"2026-08-13T06:45:45.851089246Z","message":"Database is up to date"}
{"level":"debug","time":"2026-08-13T06:45:45.851507121Z","message":"Starting appservice HTTP server"}
{"level":"debug","time":"2026-08-13T06:45:45.851664371Z","message":"Checking connection to homeserver"}
{"level":"info","address":"0.0.0.0:29328","time":"2026-08-13T06:45:45.851745163Z","message":"Starting HTTP listener"}
{"level":"warn","req_id":1,"error":"Get \"http://synapse:8008/_matrix/client/versions?user_id=%40signalbot%3Amatrix.local\": dial tcp 192.168.97.7:8008: connect: connection refused","method":"GET","url":"http://synapse:8008/_matrix/client/versions?user_id=%40signalbot%3Amatrix.local","retry_in_seconds":4,"time":"2026-08-13T06:45:46.217764747Z","message":"Request failed, retrying"}
{"level":"warn","req_id":1,"error":"Get \"http://synapse:8008/_matrix/client/versions?user_id=%40signalbot%3Amatrix.local\": dial tcp 192.168.97.7:8008: connect: connection refused","method":"GET","url":"http://synapse:8008/_matrix/client/versions?user_id=%40signalbot%3Amatrix.local","retry_in_seconds":8,"time":"2026-08-13T06:45:50.253762873Z","message":"Request failed, retrying"}
{"level":"debug","req_id":1,"method":"GET","url":"http://synapse:8008/_matrix/client/versions?user_id=%40signalbot%3Amatrix.local","duration":43.199875,"status_code":200,"response_length":1401,"response_mime":"application/json","time":"2026-08-13T06:45:58.304631461Z","message":"Request completed"}
{"level":"debug","req_id":2,"method":"GET","url":"http://synapse:8008/_matrix/client/v3/account/whoami?user_id=%40signalbot%3Amatrix.local","duration":5.440792,"status_code":200,"response_length":54,"response_mime":"application/json","time":"2026-08-13T06:45:58.314596461Z","message":"Request completed"}
{"level":"debug","txn_id":"mautrix-go_1786603558315642211_1","time":"2026-08-13T06:45:58.571779877Z","message":"Received ping from homeserver"}
{"level":"debug","req_id":3,"method":"POST","url":"http://synapse:8008/_matrix/client/v1/appservice/signal/ping?user_id=%40signalbot%3Amatrix.local","duration":261.003625,"status_code":200,"response_length":19,"response_mime":"application/json","req_body":{"transaction_id":"mautrix-go_1786603558315642211_1"},"time":"2026-08-13T06:45:58.577323961Z","message":"Request completed"}
{"level":"debug","txn_id":"mautrix-go_1786603558315642211_1","duration_ms":250,"time":"2026-08-13T06:45:58.577585086Z","message":"Homeserver -> appservice connection works"}
{"level":"info","time":"2026-08-13T06:45:58.577846877Z","message":"Starting network connector"}
{"level":"debug","time":"2026-08-13T06:45:58.578614502Z","message":"Updating bot profile"}
{"level":"info","db_section":"signalmeow","current_version":27,"oldest_compatible_version":13,"latest_known_version":27,"time":"2026-08-13T06:45:58.581455627Z","message":"Database is up to date"}
{"level":"info","time":"2026-08-13T06:45:58.582439419Z","message":"No user logins found"}
{"level":"debug","req_id":4,"method":"GET","url":"http://synapse:8008/_matrix/client/v1/media/config?user_id=%40signalbot%3Amatrix.local","duration":3.859709,"status_code":200,"response_length":27,"response_mime":"application/json","time":"2026-08-13T06:45:58.582466336Z","message":"Request completed"}
{"level":"debug","component":"disappear loop","time":"2026-08-13T06:45:58.590145294Z","message":"Disappearing message loop starting"}
{"level":"debug","bridge_state":{"state_event":"UNCONFIGURED","timestamp":1786603558,"ttl":21600,"source":"bridge"},"time":"2026-08-13T06:45:58.591641127Z","message":"Sent new global bridge state"}
{"level":"info","time":"2026-08-13T06:45:58.592572294Z","message":"Bridge started"}
{"level":"debug","req_id":5,"method":"GET","url":"http://synapse:8008/_matrix/client/v3/profile/@signalbot:matrix.local/avatar_url?user_id=%40signalbot%3Amatrix.local","duration":18.070916,"status_code":200,"response_length":59,"response_mime":"application/json","time":"2026-08-13T06:45:58.597638044Z","message":"Request completed"}
{"level":"debug","req_id":6,"method":"GET","url":"http://synapse:8008/_matrix/client/v3/profile/@signalbot:matrix.local/displayname?user_id=%40signalbot%3Amatrix.local","duration":7.86925,"status_code":200,"response_length":35,"response_mime":"application/json","time":"2026-08-13T06:45:58.605919502Z","message":"Request completed"}
{"level":"info","time":"2026-08-13T12:08:00.330025583Z","message":"Interrupt signal received from OS"}
{"level":"info","time":"2026-08-13T12:08:00.341790068Z","message":"Shutting down bridge"}
{"level":"debug","component":"disappear loop","time":"2026-08-13T12:08:00.343948046Z","message":"Disappearing message loop stopping"}
{"level":"debug","time":"2026-08-13T12:08:00.344053047Z","message":"HTTP listener stopped"}
{"level":"info","time":"2026-08-13T12:08:00.37435933Z","message":"Shutdown complete"}
